* I_F.REDO.CR.DB.MAP Created 30 DEC 10 at 09:29PM by apapr8/SUDHARSAN
*      PREFIX[REDO.CR.DB.MAP]
           EQU REDO.CR.DB.MAP.TXN.TYPE TO 1,   RedoCrDbMap_TxnType TO 1,
                  REDO.CR.DB.MAP.CR.DB TO 2,   RedoCrDbMap_CrDb TO 2,
           REDO.CR.DB.MAP.STML.TC.CODE TO 3,   RedoCrDbMap_StmlTcCode TO 3,
             REDO.CR.DB.MAP.RESERVED.9 TO 4,   RedoCrDbMap_Reserved9 TO 4,
             REDO.CR.DB.MAP.RESERVED.8 TO 5,   RedoCrDbMap_Reserved8 TO 5,
             REDO.CR.DB.MAP.RESERVED.7 TO 6,   RedoCrDbMap_Reserved7 TO 6,
             REDO.CR.DB.MAP.RESERVED.6 TO 7,   RedoCrDbMap_Reserved6 TO 7,
             REDO.CR.DB.MAP.RESERVED.5 TO 8,   RedoCrDbMap_Reserved5 TO 8,
             REDO.CR.DB.MAP.RESERVED.4 TO 9,   RedoCrDbMap_Reserved4 TO 9,
             REDO.CR.DB.MAP.RESERVED.3 TO 10,  RedoCrDbMap_Reserved3 TO 10,
             REDO.CR.DB.MAP.RESERVED.2 TO 11,  RedoCrDbMap_Reserved2 TO 11,
             REDO.CR.DB.MAP.RESERVED.1 TO 12,  RedoCrDbMap_Reserved1 TO 12,
              REDO.CR.DB.MAP.LOCAL.REF TO 13,  RedoCrDbMap_LocalRef TO 13,
               REDO.CR.DB.MAP.OVERRIDE TO 14,  RedoCrDbMap_Override TO 14,
          REDO.CR.DB.MAP.RECORD.STATUS TO 15,  RedoCrDbMap_RecordStatus TO 15,
                REDO.CR.DB.MAP.CURR.NO TO 16,  RedoCrDbMap_CurrNo TO 16,
               REDO.CR.DB.MAP.INPUTTER TO 17,  RedoCrDbMap_Inputter TO 17,
              REDO.CR.DB.MAP.DATE.TIME TO 18,  RedoCrDbMap_DateTime TO 18,
             REDO.CR.DB.MAP.AUTHORISER TO 19,  RedoCrDbMap_Authoriser TO 19,
                REDO.CR.DB.MAP.CO.CODE TO 20,  RedoCrDbMap_CoCode TO 20,
              REDO.CR.DB.MAP.DEPT.CODE TO 21,  RedoCrDbMap_DeptCode TO 21,
           REDO.CR.DB.MAP.AUDITOR.CODE TO 22,  RedoCrDbMap_AuditorCode TO 22,
        REDO.CR.DB.MAP.AUDIT.DATE.TIME TO 23,  RedoCrDbMap_AuditDateTime TO 23
